ASxxxx Linker V03.00/V05.40 + sdld,  page 1.
Hexadecimal  [32-Bits]

Area                                    Addr        Size        Decimal Bytes (Attributes)
--------------------------------        ----        ----        ------- ----- ------------
CABS                                00000000    00000000 =           0. bytes (ABS,CON,CODE)

      Value  Global                              Global Defined In Module
      -----  --------------------------------   ------------------------
C:   00000000  l_BIT_BANK                      
C:   00000000  l_CABS                          
C:   00000000  l_GSINIT1                       
C:   00000000  l_GSINIT5                       
C:   00000000  l_IABS                          
C:   00000000  l_ISEG                          
C:   00000000  l_OSEG                          
C:   00000000  l_PSEG                          
C:   00000000  l_REG_BANK_1                    
C:   00000000  l_REG_BANK_2                    
C:   00000000  l_REG_BANK_3                    
C:   00000000  l_RSEG                          
C:   00000000  l_RSEG0                         
C:   00000000  l_RSEG1                         
C:   00000000  l_XABS                          
C:   00000000  l_XINIT                         
C:   00000000  l_XISEG                         
C:   00000000  l_XSEG                          
C:   00000000  l__CODE                         
C:   00000000  s_BSEG                          
C:   00000000  s_CABS                          
C:   00000000  s_DSEG                          
C:   00000000  s_HOME                          
C:   00000000  s_IABS                          
C:   00000000  s_ISEG                          
C:   00000000  s_REG_BANK_0                    
C:   00000000  s_RSEG                          
C:   00000000  s_RSEG0                         
C:   00000000  s_RSEG1                         
C:   00000000  s_XABS                          
C:   00000001  l_BSEG_BYTES                    
C:   00000001  s_PSEG                          
C:   00000001  s_XISEG                         
C:   00000001  s_XSEG                          
C:   00000003  l_GSFINAL                       
C:   00000003  l_GSINIT0                       
C:   00000007  l_BSEG                          
C:   00000008  l_REG_BANK_0                    
C:   00000008  s_REG_BANK_1                    
C:   0000000A  l_GSINIT2                       
C:   0000000E  l_GSINIT                        
C:   00000010  s_REG_BANK_2                    
C:   00000018  s_BIT_BANK                      
C:   00000018  s_OSEG                          
C:   00000018  s_REG_BANK_3                    
C:   00000020  s_BSEG_BYTES                    
C:   00000020  s__CODE                         
C:   00000021  s_SSEG                          
C:   00000022  l_GSINIT3                       
C:   0000002A  l_GSINIT4                       
ASxxxx Linker V03.00/V05.40 + sdld,  page 2.
Hexadecimal  [32-Bits]

Area                                    Addr        Size        Decimal Bytes (Attributes)
--------------------------------        ----        ----        ------- ----- ------------
CABS                                00000000    00000000 =           0. bytes (ABS,CON,CODE)

      Value  Global                              Global Defined In Module
      -----  --------------------------------   ------------------------
C:   0000004C  l_HOME                          
C:   0000004C  s_GSINIT0                       
C:   0000004F  s_GSINIT1                       
C:   0000004F  s_GSINIT2                       
C:   00000059  s_GSINIT3                       
C:   0000006C  l_DSEG                          
C:   0000007B  s_GSINIT4                       
C:   000000A5  s_GSINIT                        
C:   000000A5  s_GSINIT5                       
C:   000000B3  s_GSFINAL                       
C:   000000B6  s_CSEG                          
C:   000000DF  l_SSEG                          
C:   00000100  l_IRAM                          
C:   0000012E  l_CONST                         
C:   00000646  l_CSEG                          
C:   000006FC  s_CONST                         
C:   0000082A  s_XINIT                         

ASxxxx Linker V03.00/V05.40 + sdld,  page 3.
Hexadecimal  [32-Bits]

Area                                    Addr        Size        Decimal Bytes (Attributes)
--------------------------------        ----        ----        ------- ----- ------------
.  .ABS.                            00000000    00000000 =           0. bytes (ABS,CON)

      Value  Global                              Global Defined In Module
      -----  --------------------------------   ------------------------
     00000000  .__.ABS.                           _startup
     00000080  _FIRE1                             fire_alarm_panel
     00000080  _P0                                fire_alarm_panel
     00000080  _P0_0                              fire_alarm_panel
     00000081  _OPEN1                             fire_alarm_panel
     00000081  _P0_1                              fire_alarm_panel
     00000081  _SP                                fire_alarm_panel
     00000082  _DPL                               fire_alarm_panel
     00000082  _P0_2                              fire_alarm_panel
     00000082  _SHORT1                            fire_alarm_panel
     00000083  _DPH                               fire_alarm_panel
     00000083  _FIRE2                             fire_alarm_panel
     00000083  _P0_3                              fire_alarm_panel
     00000084  _OPEN2                             fire_alarm_panel
     00000084  _P0_4                              fire_alarm_panel
     00000085  _P0_5                              fire_alarm_panel
     00000085  _SHORT2                            fire_alarm_panel
     00000086  _P0_6                              fire_alarm_panel
     00000086  _RS                                fire_alarm_panel
     00000087  _EN                                fire_alarm_panel
     00000087  _P0_7                              fire_alarm_panel
     00000087  _PCON                              fire_alarm_panel
     00000088  _IT0                               fire_alarm_panel
     00000088  _TCON                              fire_alarm_panel
     00000089  _IE0                               fire_alarm_panel
     00000089  _TMOD                              fire_alarm_panel
     0000008A  _IT1                               fire_alarm_panel
     0000008A  _TL0                               fire_alarm_panel
     0000008B  _IE1                               fire_alarm_panel
     0000008B  _TL1                               fire_alarm_panel
     0000008C  _TH0                               fire_alarm_panel
     0000008C  _TR0                               fire_alarm_panel
     0000008D  _TF0                               fire_alarm_panel
     0000008D  _TH1                               fire_alarm_panel
     0000008E  _TR1                               fire_alarm_panel
     0000008F  _TF1                               fire_alarm_panel
     00000090  _P1                                fire_alarm_panel
     00000090  _P1_0                              fire_alarm_panel
     00000091  _P1_1                              fire_alarm_panel
     00000092  _P1_2                              fire_alarm_panel
     00000093  _P1_3                              fire_alarm_panel
     00000094  _HOT                               fire_alarm_panel
     00000094  _P1_4                              fire_alarm_panel
     00000095  _BUZ                               fire_alarm_panel
     00000095  _P1_5                              fire_alarm_panel
     00000096  _CFLR                              fire_alarm_panel
     00000096  _P1_6                              fire_alarm_panel
     00000097  _CFTLR                             fire_alarm_panel
     00000097  _P1_7                              fire_alarm_panel
     00000098  _RI                                fire_alarm_panel
ASxxxx Linker V03.00/V05.40 + sdld,  page 4.
Hexadecimal  [32-Bits]

Area                                    Addr        Size        Decimal Bytes (Attributes)
--------------------------------        ----        ----        ------- ----- ------------
.  .ABS.                            00000000    00000000 =           0. bytes (ABS,CON)

      Value  Global                              Global Defined In Module
      -----  --------------------------------   ------------------------
     00000098  _SCON                              fire_alarm_panel
     00000099  _SBUF                              fire_alarm_panel
     00000099  _TI                                fire_alarm_panel
     0000009A  _RB8                               fire_alarm_panel
     0000009B  _TB8                               fire_alarm_panel
     0000009C  _REN                               fire_alarm_panel
     0000009D  _SM2                               fire_alarm_panel
     0000009E  _SM1                               fire_alarm_panel
     0000009F  _SM0                               fire_alarm_panel
     000000A0  _P2                                fire_alarm_panel
     000000A0  _P2_0                              fire_alarm_panel
     000000A0  _SIL                               fire_alarm_panel
     000000A0  __XPAGE                            
     000000A1  _EVQ                               fire_alarm_panel
     000000A1  _P2_1                              fire_alarm_panel
     000000A2  _LB                                fire_alarm_panel
     000000A2  _P2_2                              fire_alarm_panel
     000000A3  _P2_3                              fire_alarm_panel
     000000A4  _P2_4                              fire_alarm_panel
     000000A4  _ZONE1                             fire_alarm_panel
     000000A5  _P2_5                              fire_alarm_panel
     000000A5  _ZONE2                             fire_alarm_panel
     000000A6  _LAMP                              fire_alarm_panel
     000000A6  _P2_6                              fire_alarm_panel
     000000A7  _BL                                fire_alarm_panel
     000000A7  _P2_7                              fire_alarm_panel
     000000A8  _EX0                               fire_alarm_panel
     000000A8  _IE                                fire_alarm_panel
     000000A9  _ET0                               fire_alarm_panel
     000000AA  _EX1                               fire_alarm_panel
     000000AB  _ET1                               fire_alarm_panel
     000000AC  _ES                                fire_alarm_panel
     000000AD  _ET2                               fire_alarm_panel
     000000AF  _EA                                fire_alarm_panel
     000000B0  _P3                                fire_alarm_panel
     000000B0  _P3_0                              fire_alarm_panel
     000000B0  _RXD                               fire_alarm_panel
     000000B1  _P3_1                              fire_alarm_panel
     000000B1  _TXD                               fire_alarm_panel
     000000B2  _INT0                              fire_alarm_panel
     000000B2  _P3_2                              fire_alarm_panel
     000000B3  _INT1                              fire_alarm_panel
     000000B3  _P3_3                              fire_alarm_panel
     000000B4  _P3_4                              fire_alarm_panel
     000000B4  _T0                                fire_alarm_panel
     000000B5  _P3_5                              fire_alarm_panel
     000000B5  _T1                                fire_alarm_panel
     000000B6  _P3_6                              fire_alarm_panel
     000000B6  _WR                                fire_alarm_panel
     000000B7  _P3_7                              fire_alarm_panel
     000000B7  _RD                                fire_alarm_panel
ASxxxx Linker V03.00/V05.40 + sdld,  page 5.
Hexadecimal  [32-Bits]

Area                                    Addr        Size        Decimal Bytes (Attributes)
--------------------------------        ----        ----        ------- ----- ------------
.  .ABS.                            00000000    00000000 =           0. bytes (ABS,CON)

      Value  Global                              Global Defined In Module
      -----  --------------------------------   ------------------------
     000000B8  _IP                                fire_alarm_panel
     000000B8  _PX0                               fire_alarm_panel
     000000B9  _PT0                               fire_alarm_panel
     000000BA  _PX1                               fire_alarm_panel
     000000BB  _PT1                               fire_alarm_panel
     000000BC  _PS                                fire_alarm_panel
     000000BD  _PT2                               fire_alarm_panel
     000000C8  _CP_RL2                            fire_alarm_panel
     000000C8  _T2CON                             fire_alarm_panel
     000000C8  _T2CON_0                           fire_alarm_panel
     000000C9  _C_T2                              fire_alarm_panel
     000000C9  _T2CON_1                           fire_alarm_panel
     000000CA  _RCAP2L                            fire_alarm_panel
     000000CA  _T2CON_2                           fire_alarm_panel
     000000CA  _TR2                               fire_alarm_panel
     000000CB  _EXEN2                             fire_alarm_panel
     000000CB  _RCAP2H                            fire_alarm_panel
     000000CB  _T2CON_3                           fire_alarm_panel
     000000CC  _T2CON_4                           fire_alarm_panel
     000000CC  _TCLK                              fire_alarm_panel
     000000CC  _TL2                               fire_alarm_panel
     000000CD  _RCLK                              fire_alarm_panel
     000000CD  _T2CON_5                           fire_alarm_panel
     000000CD  _TH2                               fire_alarm_panel
     000000CE  _EXF2                              fire_alarm_panel
     000000CE  _T2CON_6                           fire_alarm_panel
     000000CF  _T2CON_7                           fire_alarm_panel
     000000CF  _TF2                               fire_alarm_panel
     000000D0  _P                                 fire_alarm_panel
     000000D0  _PSW                               fire_alarm_panel
     000000D1  _F1                                fire_alarm_panel
     000000D2  _OV                                fire_alarm_panel
     000000D3  _RS0                               fire_alarm_panel
     000000D4  _RS1                               fire_alarm_panel
     000000D5  _F0                                fire_alarm_panel
     000000D6  _AC                                fire_alarm_panel
     000000D7  _CY                                fire_alarm_panel
     000000E0  _ACC                               fire_alarm_panel
     000000F0  _B                                 fire_alarm_panel
     000000F5  _B_5                               _gptrget
     000000F6  _B_6                               _gptrget
     000000F7  _B_7                               _gptrget

ASxxxx Linker V03.00/V05.40 + sdld,  page 6.
Hexadecimal  [32-Bits]

Area                                    Addr        Size        Decimal Bytes (Attributes)
--------------------------------        ----        ----        ------- ----- ------------
BSEG_BYTES                          00000020    00000001 =           1. bytes (REL,CON)

      Value  Global                              Global Defined In Module
      -----  --------------------------------   ------------------------
ASxxxx Linker V03.00/V05.40 + sdld,  page 7.
Hexadecimal  [32-Bits]

Area                                    Addr        Size        Decimal Bytes (Attributes)
--------------------------------        ----        ----        ------- ----- ------------
REG_BANK_0                          00000000    00000008 =           8. bytes (REL,OVR)

      Value  Global                              Global Defined In Module
      -----  --------------------------------   ------------------------
ASxxxx Linker V03.00/V05.40 + sdld,  page 8.
Hexadecimal  [32-Bits]

Area                                    Addr        Size        Decimal Bytes (Attributes)
--------------------------------        ----        ----        ------- ----- ------------
DSEG                                00000000    0000006C =         108. bytes (REL,CON)

      Value  Global                              Global Defined In Module
      -----  --------------------------------   ------------------------
     00000008  _BLT1                              fire_alarm_panel
     00000009  _RAP                               fire_alarm_panel
     0000000A  _U                                 fire_alarm_panel
     0000000B  _L                                 fire_alarm_panel

ASxxxx Linker V03.00/V05.40 + sdld,  page 9.
Hexadecimal  [32-Bits]

Area                                    Addr        Size        Decimal Bytes (Attributes)
--------------------------------        ----        ----        ------- ----- ------------
SSEG                                00000021    000000DF =         223. bytes (REL,OVR)

      Value  Global                              Global Defined In Module
      -----  --------------------------------   ------------------------
     00000021  __start__stack                     fire_alarm_panel

ASxxxx Linker V03.00/V05.40 + sdld,  page 10.
Hexadecimal  [32-Bits]

Area                                    Addr        Size        Decimal Bytes (Attributes)
--------------------------------        ----        ----        ------- ----- ------------
HOME                                00000000    0000004C =          76. bytes (REL,CON,CODE)

      Value  Global                              Global Defined In Module
      -----  --------------------------------   ------------------------
C:   00000008  sdcc_atomic_exchange_rollback_st   fire_alarm_panel
C:   0000002F  sdcc_atomic_exchange_gptr_impl     fire_alarm_panel
C:   0000002F  sdcc_atomic_exchange_rollback_en   fire_alarm_panel
C:   0000003F  sdcc_atomic_compare_exchange_gpt   fire_alarm_panel
C:   00000049  __sdcc_program_startup             fire_alarm_panel

ASxxxx Linker V03.00/V05.40 + sdld,  page 11.
Hexadecimal  [32-Bits]

Area                                    Addr        Size        Decimal Bytes (Attributes)
--------------------------------        ----        ----        ------- ----- ------------
GSINIT0                             0000004C    00000003 =           3. bytes (REL,CON,CODE)

      Value  Global                              Global Defined In Module
      -----  --------------------------------   ------------------------
C:   0000004C  __sdcc_gsinit_startup              

ASxxxx Linker V03.00/V05.40 + sdld,  page 12.
Hexadecimal  [32-Bits]

Area                                    Addr        Size        Decimal Bytes (Attributes)
--------------------------------        ----        ----        ------- ----- ------------
GSINIT2                             0000004F    0000000A =          10. bytes (REL,CON,CODE)

      Value  Global                              Global Defined In Module
      -----  --------------------------------   ------------------------
ASxxxx Linker V03.00/V05.40 + sdld,  page 13.
Hexadecimal  [32-Bits]

Area                                    Addr        Size        Decimal Bytes (Attributes)
--------------------------------        ----        ----        ------- ----- ------------
GSINIT3                             00000059    00000022 =          34. bytes (REL,CON,CODE)

      Value  Global                              Global Defined In Module
      -----  --------------------------------   ------------------------
C:   00000059  __mcs51_genXINIT                   

ASxxxx Linker V03.00/V05.40 + sdld,  page 14.
Hexadecimal  [32-Bits]

Area                                    Addr        Size        Decimal Bytes (Attributes)
--------------------------------        ----        ----        ------- ----- ------------
GSINIT4                             0000007B    0000002A =          42. bytes (REL,CON,CODE)

      Value  Global                              Global Defined In Module
      -----  --------------------------------   ------------------------
C:   0000007B  __mcs51_genRAMCLEAR                
C:   00000081  __mcs51_genXRAMCLEAR               

ASxxxx Linker V03.00/V05.40 + sdld,  page 15.
Hexadecimal  [32-Bits]

Area                                    Addr        Size        Decimal Bytes (Attributes)
--------------------------------        ----        ----        ------- ----- ------------
GSINIT                              000000A5    0000000E =          14. bytes (REL,CON,CODE)

      Value  Global                              Global Defined In Module
      -----  --------------------------------   ------------------------
ASxxxx Linker V03.00/V05.40 + sdld,  page 16.
Hexadecimal  [32-Bits]

Area                                    Addr        Size        Decimal Bytes (Attributes)
--------------------------------        ----        ----        ------- ----- ------------
GSFINAL                             000000B3    00000003 =           3. bytes (REL,CON,CODE)

      Value  Global                              Global Defined In Module
      -----  --------------------------------   ------------------------
ASxxxx Linker V03.00/V05.40 + sdld,  page 17.
Hexadecimal  [32-Bits]

Area                                    Addr        Size        Decimal Bytes (Attributes)
--------------------------------        ----        ----        ------- ----- ------------
CSEG                                000000B6    00000646 =        1606. bytes (REL,CON,CODE)

      Value  Global                              Global Defined In Module
      -----  --------------------------------   ------------------------
C:   000000B6  _main                              fire_alarm_panel
C:   00000357  _init_system                       fire_alarm_panel
C:   0000038D  _prz1                              fire_alarm_panel
C:   0000044E  _prz2                              fire_alarm_panel
C:   0000050F  _receive                           fire_alarm_panel
C:   000005A4  _send_data                         fire_alarm_panel
C:   000005AD  _silence_alarms                    fire_alarm_panel
C:   000005B8  _spliter                           fire_alarm_panel
C:   000005C6  _move                              fire_alarm_panel
C:   000005D9  _move1                             fire_alarm_panel
C:   000005F2  _lcd_cmd                           fire_alarm_panel
C:   00000635  _lcd_data                          fire_alarm_panel
C:   00000646  _lcd_disp                          fire_alarm_panel
C:   0000067B  _lcd_disp1                         fire_alarm_panel
C:   000006B3  _delay2                            fire_alarm_panel
C:   000006C0  _delay1                            fire_alarm_panel
C:   000006D3  _delay                             fire_alarm_panel
C:   000006DC  __gptrget                          _gptrget
C:   000006F8  ___sdcc_external_startup           _startup

ASxxxx Linker V03.00/V05.40 + sdld,  page 18.
Hexadecimal  [32-Bits]

Area                                    Addr        Size        Decimal Bytes (Attributes)
--------------------------------        ----        ----        ------- ----- ------------
CONST                               000006FC    0000012E =         302. bytes (REL,CON,CODE)

      Value  Global                              Global Defined In Module
      -----  --------------------------------   ------------------------
C:   000006FC  _INIT_COMMANDS                     fire_alarm_panel
C:   00000703  _LINE1                             fire_alarm_panel
C:   00000707  _LINE2                             fire_alarm_panel
C:   00000709  _TEXT1                             fire_alarm_panel
C:   0000071A  _TEXT2                             fire_alarm_panel
C:   0000072B  _TEXT3                             fire_alarm_panel
C:   0000073C  _TZONE1                            fire_alarm_panel
C:   0000074D  _TZONE2                            fire_alarm_panel
C:   0000075E  _FIRE                              fire_alarm_panel
C:   0000076F  _SHORT                             fire_alarm_panel
C:   00000780  _OPEN                              fire_alarm_panel
C:   00000791  _TEXT4                             fire_alarm_panel
C:   000007A2  _TLAMP                             fire_alarm_panel
C:   000007B3  _TEVQ                              fire_alarm_panel
C:   000007C4  _ISO1                              fire_alarm_panel
C:   000007D5  _ISO2                              fire_alarm_panel
C:   000007E6  _ISO1H                             fire_alarm_panel
C:   000007F7  _ISO2H                             fire_alarm_panel
C:   00000808  _LOWB                              fire_alarm_panel
C:   00000819  _LOWM                              fire_alarm_panel

ASxxxx Linker V03.00/V05.40 + sdld,  page 19.

Files Linked                              [ module(s) ]

fire_alarm_panel.rel                      [  ]


Libraries Linked                          [ object file ]

C:\Program Files\SDCC\bin\..\lib\small/mcs51.lib
                                          [ crtclear.rel ]
C:\Program Files\SDCC\bin\..\lib\small/mcs51.lib
                                          [ crtxinit.rel ]
C:\Program Files\SDCC\bin\..\lib\small/mcs51.lib
                                          [ crtxclear.rel ]
C:\Program Files\SDCC\bin\..\lib\small/mcs51.lib
                                          [ crtpagesfr.rel ]
C:\Program Files\SDCC\bin\..\lib\small/mcs51.lib
                                          [ crtstart.rel ]
C:\Program Files\SDCC\bin\..\lib\small/libsdcc.lib
                                          [ _gptrget.rel ]
C:\Program Files\SDCC\bin\..\lib\small/libsdcc.lib
                                          [ _startup.rel ]

ASxxxx Linker V03.00/V05.40 + sdld,  page 20.

User Base Address Definitions

HOME = 0x0000
XSEG = 0x0001
PSEG = 0x0001
ISEG = 0x0000
BSEG = 0x0000

